2025-11-07 21:55:00 | INFO | repo=a4m36jee-2014-infinispan-seminar | action=commit
2025-12-08 19:06:00 | DEBUG | repo=a4m36jee-2014-infinispan-seminar | action=commit
2025-04-09 17:37:00 | INFO | repo=a4m36jee-2014-infinispan-seminar | action=commit
2025-11-18 21:27:00 | WARN | repo=a4m36jee-2014-infinispan-seminar | action=commit
2025-07-09 20:39:00 | DEBUG | repo=a4m36jee-2014-infinispan-seminar | action=test | passed=true
2025-02-02 11:23:00 | WARN | repo=a4m36jee-2014-infinispan-seminar | action=commit
2025-10-13 07:19:00 | DEBUG | repo=a4m36jee-2014-infinispan-seminar | action=commit
2025-06-28 08:27:00 | DEBUG | repo=a4m36jee-2014-infinispan-seminar | action=commit
2025-09-13 21:27:00 | DEBUG | repo=a4m36jee-2014-infinispan-seminar | action=pull
2025-04-01 21:02:00 | DEBUG | repo=a4m36jee-2014-infinispan-seminar | action=pull
2025-08-19 16:00:00 | INFO | repo=a4m36jee-2014-infinispan-seminar | action=commit
2025-01-20 20:58:00 | INFO | repo=a4m36jee-2014-infinispan-seminar | action=commit
2025-10-24 13:36:00 | WARN | repo=a4m36jee-2014-infinispan-seminar | action=commit
2025-10-22 19:52:00 | DEBUG | repo=a4m36jee-2014-infinispan-seminar | action=test | passed=true
2025-03-19 12:23:00 | DEBUG | repo=a4m36jee-2014-infinispan-seminar | action=commit
2025-01-28 21:06:00 | INFO | repo=a4m36jee-2014-infinispan-seminar | action=commit
2025-11-13 17:50:00 | DEBUG | repo=a4m36jee-2014-infinispan-seminar | action=commit
2025-09-08 10:10:00 | WARN | repo=a4m36jee-2014-infinispan-seminar | action=commit
2025-06-11 08:40:00 | INFO | repo=a4m36jee-2014-infinispan-seminar | action=commit
2025-03-14 18:03:00 | DEBUG | repo=a4m36jee-2014-infinispan-seminar | action=test | passed=true
2025-08-14 15:41:00 | INFO | repo=a4m36jee-2014-infinispan-seminar | action=commit
2025-05-12 11:54:00 | WARN | repo=a4m36jee-2014-infinispan-seminar | action=commit
2025-06-28 19:26:00 | WARN | repo=a4m36jee-2014-infinispan-seminar | action=pull
2025-12-10 21:17:00 | WARN | repo=a4m36jee-2014-infinispan-seminar | action=test | passed=true
2025-12-14 17:04:00 | INFO | repo=a4m36jee-2014-infinispan-seminar | action=commit
2025-08-23 13:24:00 | DEBUG | repo=a4m36jee-2014-infinispan-seminar | action=commit
2025-01-05 09:12:00 | DEBUG | repo=a4m36jee-2014-infinispan-seminar | action=commit
2025-02-09 08:47:00 | DEBUG | repo=a4m36jee-2014-infinispan-seminar | action=commit
2025-09-01 07:22:00 | DEBUG | repo=a4m36jee-2014-infinispan-seminar | action=commit
2025-12-19 12:58:00 | DEBUG | repo=a4m36jee-2014-infinispan-seminar | action=test | passed=true
2025-12-05 16:48:00 | INFO | repo=a4m36jee-2014-infinispan-seminar | action=commit
2025-04-19 19:27:00 | WARN | repo=a4m36jee-2014-infinispan-seminar | action=edit | files=5
2025-03-06 21:24:00 | WARN | repo=a4m36jee-2014-infinispan-seminar | action=commit
